Copyright 1986-2022 Xilinx, Inc. All Rights Reserved.
------------------------------------------------------------------------------------------------------------------------------------------------------------------------------------------------------------------
| Tool Version     : Vivado v.2022.1 (lin64) Build 3526262 Mon Apr 18 15:47:01 MDT 2022
| Date             : Sat Aug 15 12:46:58 2026
| Host             : ecetesla0 running 64-bit Ubuntu 24.04.4 LTS
| Command          : report_power -verbose -file /home/aakumaar/team-22-au25p-parallel-lif/fpga-synth/au25p/parallel_lif/run/reports/engines4_lanes16_160mhz_pipelined_fallback/post_route_power_saif.rpt
| Design           : folded_bram_predictor_parallel
| Device           : xcau25p-ffvb676-2-e
| Design State     : routed
| Grade            : extended
| Process          : typical
| Characterization : Production
------------------------------------------------------------------------------------------------------------------------------------------------------------------------------------------------------------------

Power Report

Table of Contents
-----------------
1. Summary
1.1 On-Chip Components
1.2 Power Supply Summary
1.3 Confidence Level
2. Settings
2.1 Environment
2.2 Clock Constraints
3. Detailed Reports
3.1 By Hierarchy
3.2 By Clock Domain
3.3 By Resource Type
3.3.1 Signals
3.3.2 CLB Logic
3.3.3 Block RAM

1. Summary
----------

+--------------------------+-------------------------------------------------------------------------------------------------------------------------------------------------------+
| Total On-Chip Power (W)  | 0.621                                                                                                                                                 |
| Design Power Budget (W)  | Unspecified*                                                                                                                                          |
| Power Budget Margin (W)  | NA                                                                                                                                                    |
| Dynamic (W)              | 0.169                                                                                                                                                 |
| Device Static (W)        | 0.452                                                                                                                                                 |
| Effective TJA (C/W)      | 1.7                                                                                                                                                   |
| Max Ambient (C)          | 98.9                                                                                                                                                  |
| Junction Temperature (C) | 26.1                                                                                                                                                  |
| Confidence Level         | High                                                                                                                                                  |
| Setting File             | ---                                                                                                                                                   |
| Simulation Activity File | /home/aakumaar/team-22-au25p-parallel-lif/fpga-synth/au25p/parallel_lif/power_saif/run/engines4_lanes16_160mhz_pipelined_fallback/full_inference.saif |
| Design Nets Matched      | 100%   (15015/15015)                                                                                                                                  |
+--------------------------+-------------------------------------------------------------------------------------------------------------------------------------------------------+
* Specify Design Power Budget using, set_operating_conditions -design_power_budget <value in Watts>


1.1 On-Chip Components
----------------------

+----------------+-----------+----------+-----------+-----------------+
| On-Chip        | Power (W) | Used     | Available | Utilization (%) |
+----------------+-----------+----------+-----------+-----------------+
| Clocks         |     0.011 |        3 |       --- |             --- |
| CLB Logic      |     0.027 |    12308 |       --- |             --- |
|   LUT as Logic |     0.025 |     5017 |    141000 |            3.56 |
|   CARRY8       |     0.003 |      284 |     27120 |            1.05 |
|   Register     |    <0.001 |     5364 |    282000 |            1.90 |
|   Others       |     0.000 |       22 |       --- |             --- |
|   F7/F8 Muxes  |     0.000 |      469 |    216960 |            0.22 |
| Signals        |     0.053 |    10835 |       --- |             --- |
| Block RAM      |     0.077 |     21.5 |       300 |            7.17 |
| Static Power   |     0.452 |          |           |                 |
| Total          |     0.621 |          |           |                 |
+----------------+-----------+----------+-----------+-----------------+


1.2 Power Supply Summary
------------------------

+------------+-------------+-----------+-------------+------------+-------------+-------------+------------+
| Source     | Voltage (V) | Total (A) | Dynamic (A) | Static (A) | Powerup (A) | Budget (A)  | Margin (A) |
+------------+-------------+-----------+-------------+------------+-------------+-------------+------------+
| Vccint     |       0.850 |     0.334 |       0.195 |      0.139 |       NA    | Unspecified | NA         |
| Vccint_io  |       0.850 |     0.035 |       0.000 |      0.035 |       NA    | Unspecified | NA         |
| Vccbram    |       0.850 |     0.007 |       0.005 |      0.002 |       NA    | Unspecified | NA         |
| Vccaux     |       1.800 |     0.128 |       0.000 |      0.128 |       NA    | Unspecified | NA         |
| Vccaux_io  |       1.800 |     0.031 |       0.000 |      0.031 |       NA    | Unspecified | NA         |
| Vcco33     |       3.300 |     0.000 |       0.000 |      0.000 |       NA    | Unspecified | NA         |
| Vcco25     |       2.500 |     0.000 |       0.000 |      0.000 |       NA    | Unspecified | NA         |
| Vcco18     |       1.800 |     0.000 |       0.000 |      0.000 |       NA    | Unspecified | NA         |
| Vcco15     |       1.500 |     0.000 |       0.000 |      0.000 |       NA    | Unspecified | NA         |
| Vcco135    |       1.350 |     0.000 |       0.000 |      0.000 |       NA    | Unspecified | NA         |
| Vcco12     |       1.200 |     0.000 |       0.000 |      0.000 |       NA    | Unspecified | NA         |
| Vcco10     |       1.000 |     0.000 |       0.000 |      0.000 |       NA    | Unspecified | NA         |
| Vccadc     |       1.800 |     0.008 |       0.000 |      0.008 |       NA    | Unspecified | NA         |
| MGTYAVcc   |       0.900 |     0.000 |       0.000 |      0.000 |       NA    | Unspecified | NA         |
| MGTYAVtt   |       1.200 |     0.000 |       0.000 |      0.000 |       NA    | Unspecified | NA         |
| MGTYVccaux |       1.800 |     0.000 |       0.000 |      0.000 |       NA    | Unspecified | NA         |
+------------+-------------+-----------+-------------+------------+-------------+-------------+------------+


1.3 Confidence Level
--------------------

+-----------------------------+------------+------------------------------------------------+--------+
| User Input Data             | Confidence | Details                                        | Action |
+-----------------------------+------------+------------------------------------------------+--------+
| Design implementation state | High       | Design is routed                               |        |
| Clock nodes activity        | High       | User specified more than 95% of clocks         |        |
| I/O nodes activity          | High       | User specified more than 95% of inputs         |        |
| Internal nodes activity     | High       | User specified more than 25% of internal nodes |        |
| Device models               | High       | Device models are Production                   |        |
|                             |            |                                                |        |
| Overall confidence level    | High       |                                                |        |
+-----------------------------+------------+------------------------------------------------+--------+


2. Settings
-----------

2.1 Environment
---------------

+-----------------------+--------------------------+
| Ambient Temp (C)      | 25.0                     |
| ThetaJA (C/W)         | 1.7                      |
| Airflow (LFM)         | 250                      |
| Heat Sink             | medium (Medium Profile)  |
| ThetaSA (C/W)         | 2.8                      |
| Board Selection       | medium (10"x10")         |
| # of Board Layers     | 12to15 (12 to 15 Layers) |
| Board Temperature (C) | 25.0                     |
+-----------------------+--------------------------+


2.2 Clock Constraints
---------------------

+-------+--------+-----------------+
| Clock | Domain | Constraint (ns) |
+-------+--------+-----------------+
| clk   | clk    |             6.2 |
+-------+--------+-----------------+


3. Detailed Reports
-------------------

3.1 By Hierarchy
----------------

+--------------------------------+-----------+
| Name                           | Power (W) |
+--------------------------------+-----------+
| folded_bram_predictor_parallel |     0.169 |
+--------------------------------+-----------+


3.2 By Clock Domain
-------------------

+-------+-----------+-----------------+--------+-------------------------+---------------+------------+----------+-------------+------+
| Name  | Power (W) | Frequency (MHz) | Buffer | Clock Buffer Enable (%) | Enable Signal | Bel Fanout | Sites    | Fanout/Site | Type |
+-------+-----------+-----------------+--------+-------------------------+---------------+------------+----------+-------------+------+
| clk   |     0.011 |          160.00 | N/A    |                     N/A | N/A           |       5387 |     1002 |        5.38 | N/A  |
|   clk |     0.011 |          160.00 | N/A    |                     N/A | N/A           |       5387 |     1002 |        5.38 | N/A  |
+-------+-----------+-----------------+--------+-------------------------+---------------+------------+----------+-------------+------+


3.3 By Resource Type
--------------------

3.3.1 Signals
-------------

+--------------------------------+-----------+---------------------+----------+----------+--------------+-------+------------+
| Name                           | Power (W) | Signal Rate (Mtr/s) | % High   | Fanout   | Slice Fanout | Clock | Logic Type |
+--------------------------------+-----------+---------------------+----------+----------+--------------+-------+------------+
| p_2_in[0]                      |    <0.001 |              156.68 |    48.96 |       27 |           23 | clk   | N/A        |
| load_beat_reg[0]__0_rep_n_0    |    <0.001 |              100.27 |    31.34 |      141 |           27 | clk   | N/A        |
| partial[2][1][14]_i_1_n_0      |    <0.001 |              145.58 |    49.22 |       25 |           17 | clk   | N/A        |
| load_beat_reg[0]__0_n_0        |    <0.001 |              100.27 |    31.34 |       89 |           25 | clk   | N/A        |
| partial[3][1][20]_i_1_n_0      |    <0.001 |              142.73 |    51.27 |       25 |           19 | clk   | N/A        |
| partial[3][1][8]_i_1_n_0       |    <0.001 |              154.74 |    49.38 |       25 |           12 | clk   | N/A        |
| partial[2][1][5]_i_1_n_0       |    <0.001 |              154.66 |    49.34 |       25 |           11 | clk   | N/A        |
| load_beat_reg[0]__0_rep__0_n_0 |    <0.001 |              100.27 |    31.34 |      117 |           18 | clk   | N/A        |
| partial[3][1][5]_i_1_n_0       |    <0.001 |              154.61 |    49.37 |       25 |           11 | clk   | N/A        |
| weight_pack[127]_i_1_n_0       |    <0.001 |              100.47 |    31.37 |       64 |           35 | clk   | FF         |
+--------------------------------+-----------+---------------------+----------+----------+--------------+-------+------------+


3.3.2 CLB Logic
---------------

+---------------------------+-----------+--------+-------------+------------+---------------------+----------+
| Name                      | Power (W) | Type   | Clock (MHz) | Clock Name | Signal Rate (Mtr/s) | % High   |
+---------------------------+-----------+--------+-------------+------------+---------------------+----------+
| partial[3][1][6]_i_1      |    <0.001 | LUT    |         N/A | Async      |              154.70 |    49.40 |
| partial[3][1][5]_i_1      |    <0.001 | LUT    |         N/A | Async      |              154.61 |    49.37 |
| partial_reg[2][1][15]_i_3 |    <0.001 | CARRY8 |         N/A | Async      |              149.60 |    52.65 |
| partial_reg[3][1][15]_i_3 |    <0.001 | CARRY8 |         N/A | Async      |              149.54 |    50.46 |
| partial[3][1][7]_i_13     |    <0.001 | LUT    |         N/A | Async      |              155.39 |    49.28 |
| partial_reg[0][1][15]_i_3 |    <0.001 | CARRY8 |         N/A | Async      |              148.83 |    49.25 |
| partial_reg[1][1][15]_i_3 |    <0.001 | CARRY8 |         N/A | Async      |              148.27 |    47.39 |
| partial_reg[2][1][15]_i_2 |    <0.001 | CARRY8 |         N/A | Async      |              147.76 |    50.08 |
| partial_reg[3][1][15]_i_2 |    <0.001 | CARRY8 |         N/A | Async      |              147.51 |    49.68 |
| partial_reg[0][1][15]_i_2 |    <0.001 | CARRY8 |         N/A | Async      |              147.45 |    49.20 |
+---------------------------+-----------+--------+-------------+------------+---------------------+----------+


3.3.3 Block RAM
---------------

+--------------------------+-----------+-----------+-------------+--------------+---------------+-------------------+--------------+---------------+--------------+------------------+--------------+---------------+-------------------+--------------+---------------+--------------+------------------+
| Name                     | Power (W) | Mode      | Signal Rate | Clock Name A | Clock A (MHz) | Enable Rate A (%) | Read Width A | Write Width A | Write Mode A | Write Rate A (%) | Clock Name B | Clock B (MHz) | Enable Rate B (%) | Read Width B | Write Width B | Write Mode B | Write Rate B (%) |
+--------------------------+-----------+-----------+-------------+--------------+---------------+-------------------+--------------+---------------+--------------+------------------+--------------+---------------+-------------------+--------------+---------------+--------------+------------------+
| row_engine[3].rows_reg_1 |     0.004 | RAMB36SDP |       53.70 | clk          |        160.00 |             97.92 |           72 |             0 | READ_FIRST   |             0.00 | clk          |        160.00 |            100.00 |            0 |            72 | READ_FIRST   |             3.92 |
| row_engine[2].rows_reg_1 |     0.004 | RAMB36SDP |       53.64 | clk          |        160.00 |             97.92 |           72 |             0 | READ_FIRST   |             0.00 | clk          |        160.00 |            100.00 |            0 |            72 | READ_FIRST   |             3.92 |
| row_engine[1].rows_reg_1 |     0.004 | RAMB36SDP |       53.61 | clk          |        160.00 |             97.92 |           72 |             0 | READ_FIRST   |             0.00 | clk          |        160.00 |            100.00 |            0 |            72 | READ_FIRST   |             3.92 |
| row_engine[0].rows_reg_1 |     0.004 | RAMB36SDP |       53.39 | clk          |        160.00 |             97.92 |           72 |             0 | READ_FIRST   |             0.00 | clk          |        160.00 |            100.00 |            0 |            72 | READ_FIRST   |             3.92 |
| row_engine[3].rows_reg_2 |     0.004 | RAMB36SDP |       53.82 | clk          |        160.00 |             97.92 |           72 |             0 | READ_FIRST   |             0.00 | clk          |        160.00 |            100.00 |            0 |            72 | READ_FIRST   |             3.92 |
| row_engine[1].rows_reg_2 |     0.004 | RAMB36SDP |       53.64 | clk          |        160.00 |             97.92 |           72 |             0 | READ_FIRST   |             0.00 | clk          |        160.00 |            100.00 |            0 |            72 | READ_FIRST   |             3.92 |
| row_engine[2].rows_reg_2 |     0.004 | RAMB36SDP |       53.61 | clk          |        160.00 |             97.92 |           72 |             0 | READ_FIRST   |             0.00 | clk          |        160.00 |            100.00 |            0 |            72 | READ_FIRST   |             3.92 |
| row_engine[0].rows_reg_2 |     0.004 | RAMB36SDP |       53.43 | clk          |        160.00 |             97.92 |           72 |             0 | READ_FIRST   |             0.00 | clk          |        160.00 |            100.00 |            0 |            72 | READ_FIRST   |             3.92 |
| row_engine[3].rows_reg_0 |     0.004 | RAMB36SDP |       46.85 | clk          |        160.00 |             97.92 |           72 |             0 | READ_FIRST   |             0.00 | clk          |        160.00 |            100.00 |            0 |            72 | READ_FIRST   |             3.92 |
| row_engine[1].rows_reg_0 |     0.004 | RAMB36SDP |       46.70 | clk          |        160.00 |             97.92 |           72 |             0 | READ_FIRST   |             0.00 | clk          |        160.00 |            100.00 |            0 |            72 | READ_FIRST   |             3.92 |
+--------------------------+-----------+-----------+-------------+--------------+---------------+-------------------+--------------+---------------+--------------+------------------+--------------+---------------+-------------------+--------------+---------------+--------------+------------------+


