Copyright 1986-2022 Xilinx, Inc. All Rights Reserved.
---------------------------------------------------------------------------------------------------------------------------------------------------
| Tool Version     : Vivado v.2022.1 (lin64) Build 3526262 Mon Apr 18 15:47:01 MDT 2022
| Date             : Tue Aug 18 19:19:55 2026
| Host             : ecetesla0 running 64-bit Ubuntu 24.04.4 LTS
| Command          : report_power -verbose -file /home/aakumaar/team-22/fpga-synth/au25p/l128/run/reports/250mhz/post_route_power_saif.rpt
| Design           : collision_predictor
| Device           : xcau25p-ffvb676-2-e
| Design State     : routed
| Grade            : extended
| Process          : typical
| Characterization : Production
---------------------------------------------------------------------------------------------------------------------------------------------------

Power Report

Table of Contents
-----------------
1. Summary
1.1 On-Chip Components
1.2 Power Supply Summary
1.3 Confidence Level
2. Settings
2.1 Environment
2.2 Clock Constraints
3. Detailed Reports
3.1 By Hierarchy
3.2 By Clock Domain
3.3 By Resource Type
3.3.1 Signals
3.3.2 CLB Logic
3.3.3 Block RAM

1. Summary
----------

+--------------------------+-------------------------------------------------------------------------------------------------+
| Total On-Chip Power (W)  | 1.165                                                                                           |
| Design Power Budget (W)  | Unspecified*                                                                                    |
| Power Budget Margin (W)  | NA                                                                                              |
| Dynamic (W)              | 0.709                                                                                           |
| Device Static (W)        | 0.456                                                                                           |
| Effective TJA (C/W)      | 1.7                                                                                             |
| Max Ambient (C)          | 98.0                                                                                            |
| Junction Temperature (C) | 27.0                                                                                            |
| Confidence Level         | High                                                                                            |
| Setting File             | ---                                                                                             |
| Simulation Activity File | /home/aakumaar/team-22/fpga-synth/au25p/l128/run/activity/250mhz/post_route_trained_image0.saif |
| Design Nets Matched      | 95%   (25348/26637)                                                                             |
+--------------------------+-------------------------------------------------------------------------------------------------+
* Specify Design Power Budget using, set_operating_conditions -design_power_budget <value in Watts>


1.1 On-Chip Components
----------------------

+--------------------------+-----------+----------+-----------+-----------------+
| On-Chip                  | Power (W) | Used     | Available | Utilization (%) |
+--------------------------+-----------+----------+-----------+-----------------+
| Clocks                   |     0.054 |        3 |       --- |             --- |
| CLB Logic                |     0.173 |    19905 |       --- |             --- |
|   LUT as Logic           |     0.093 |     7502 |    141000 |            5.32 |
|   LUT as Distributed RAM |     0.063 |     3972 |     99840 |            3.98 |
|   Register               |     0.011 |     6435 |    282000 |            2.28 |
|   CARRY8                 |     0.005 |      417 |     27120 |            1.54 |
|   LUT as Shift Register  |    <0.001 |        8 |     99840 |           <0.01 |
|   Others                 |     0.000 |       34 |       --- |             --- |
|   F7/F8 Muxes            |     0.000 |      512 |    216960 |            0.24 |
| Signals                  |     0.221 |    15388 |       --- |             --- |
| Block RAM                |     0.262 |     64.5 |       300 |           21.50 |
| Static Power             |     0.456 |          |           |                 |
| Total                    |     1.165 |          |           |                 |
+--------------------------+-----------+----------+-----------+-----------------+


1.2 Power Supply Summary
------------------------

+------------+-------------+-----------+-------------+------------+-------------+-------------+------------+
| Source     | Voltage (V) | Total (A) | Dynamic (A) | Static (A) | Powerup (A) | Budget (A)  | Margin (A) |
+------------+-------------+-----------+-------------+------------+-------------+-------------+------------+
| Vccint     |       0.850 |     0.962 |       0.817 |      0.145 |       NA    | Unspecified | NA         |
| Vccint_io  |       0.850 |     0.036 |       0.000 |      0.036 |       NA    | Unspecified | NA         |
| Vccbram    |       0.850 |     0.020 |       0.018 |      0.002 |       NA    | Unspecified | NA         |
| Vccaux     |       1.800 |     0.128 |       0.000 |      0.128 |       NA    | Unspecified | NA         |
| Vccaux_io  |       1.800 |     0.031 |       0.000 |      0.031 |       NA    | Unspecified | NA         |
| Vcco33     |       3.300 |     0.000 |       0.000 |      0.000 |       NA    | Unspecified | NA         |
| Vcco25     |       2.500 |     0.000 |       0.000 |      0.000 |       NA    | Unspecified | NA         |
| Vcco18     |       1.800 |     0.000 |       0.000 |      0.000 |       NA    | Unspecified | NA         |
| Vcco15     |       1.500 |     0.000 |       0.000 |      0.000 |       NA    | Unspecified | NA         |
| Vcco135    |       1.350 |     0.000 |       0.000 |      0.000 |       NA    | Unspecified | NA         |
| Vcco12     |       1.200 |     0.000 |       0.000 |      0.000 |       NA    | Unspecified | NA         |
| Vcco10     |       1.000 |     0.000 |       0.000 |      0.000 |       NA    | Unspecified | NA         |
| Vccadc     |       1.800 |     0.008 |       0.000 |      0.008 |       NA    | Unspecified | NA         |
| MGTYAVcc   |       0.900 |     0.000 |       0.000 |      0.000 |       NA    | Unspecified | NA         |
| MGTYAVtt   |       1.200 |     0.000 |       0.000 |      0.000 |       NA    | Unspecified | NA         |
| MGTYVccaux |       1.800 |     0.000 |       0.000 |      0.000 |       NA    | Unspecified | NA         |
+------------+-------------+-----------+-------------+------------+-------------+-------------+------------+


1.3 Confidence Level
--------------------

+-----------------------------+------------+------------------------------------------------+--------+
| User Input Data             | Confidence | Details                                        | Action |
+-----------------------------+------------+------------------------------------------------+--------+
| Design implementation state | High       | Design is routed                               |        |
| Clock nodes activity        | High       | User specified more than 95% of clocks         |        |
| I/O nodes activity          | High       | User specified more than 95% of inputs         |        |
| Internal nodes activity     | High       | User specified more than 25% of internal nodes |        |
| Device models               | High       | Device models are Production                   |        |
|                             |            |                                                |        |
| Overall confidence level    | High       |                                                |        |
+-----------------------------+------------+------------------------------------------------+--------+


2. Settings
-----------

2.1 Environment
---------------

+-----------------------+--------------------------+
| Ambient Temp (C)      | 25.0                     |
| ThetaJA (C/W)         | 1.7                      |
| Airflow (LFM)         | 250                      |
| Heat Sink             | medium (Medium Profile)  |
| ThetaSA (C/W)         | 2.8                      |
| Board Selection       | medium (10"x10")         |
| # of Board Layers     | 12to15 (12 to 15 Layers) |
| Board Temperature (C) | 25.0                     |
+-----------------------+--------------------------+


2.2 Clock Constraints
---------------------

+-------+--------+-----------------+
| Clock | Domain | Constraint (ns) |
+-------+--------+-----------------+
| clk   | clk    |             4.0 |
+-------+--------+-----------------+


3. Detailed Reports
-------------------

3.1 By Hierarchy
----------------

+---------------------+-----------+
| Name                | Power (W) |
+---------------------+-----------+
| collision_predictor |     0.709 |
|   adder_bank        |     0.184 |
|     trees[0].adder  |     0.020 |
|     trees[1].adder  |     0.021 |
|     trees[2].adder  |     0.022 |
|     trees[3].adder  |     0.022 |
|     trees[4].adder  |     0.022 |
|     trees[5].adder  |     0.021 |
|     trees[6].adder  |     0.021 |
|     trees[7].adder  |     0.022 |
|   shared_lif        |     0.002 |
+---------------------+-----------+


3.2 By Clock Domain
-------------------

+-------+-----------+-----------------+--------+-------------------------+---------------+------------+----------+-------------+------+
| Name  | Power (W) | Frequency (MHz) | Buffer | Clock Buffer Enable (%) | Enable Signal | Bel Fanout | Sites    | Fanout/Site | Type |
+-------+-----------+-----------------+--------+-------------------------+---------------+------------+----------+-------------+------+
| clk   |     0.054 |          250.00 | N/A    |                     N/A | N/A           |      10480 |     2626 |        3.99 | N/A  |
|   clk |     0.054 |          250.00 | N/A    |                     N/A | N/A           |      10480 |     2626 |        3.99 | N/A  |
+-------+-----------+-----------------+--------+-------------------------+---------------+------------+----------+-------------+------+


3.3 By Resource Type
--------------------

3.3.1 Signals
-------------

+-------------------------------+-----------+---------------------+----------+----------+--------------+-------+------------+
| Name                          | Power (W) | Signal Rate (Mtr/s) | % High   | Fanout   | Slice Fanout | Clock | Logic Type |
+-------------------------------+-----------+---------------------+----------+----------+--------------+-------+------------+
| output_weight_q[2047]_i_6_n_0 |     0.004 |               61.57 |    49.28 |     1299 |          526 | clk   | N/A        |
| issue_fold_reg[0]_rep__20_n_0 |     0.003 |              246.40 |    49.28 |      273 |           94 | clk   | N/A        |
| issue_fold_reg_n_0_[0]        |     0.003 |              246.40 |    49.28 |      216 |          112 | clk   | N/A        |
| issue_fold_reg[0]_rep__19_n_0 |     0.002 |              246.40 |    49.28 |      167 |           42 | clk   | N/A        |
| issue_fold_reg[0]_rep__10_n_0 |     0.002 |              246.40 |    49.28 |      227 |           70 | clk   | N/A        |
| issue_fold_reg[0]_rep__16_n_0 |     0.002 |              246.40 |    49.28 |      204 |           55 | clk   | N/A        |
| issue_fold_reg[0]_rep__11_n_0 |     0.002 |              246.40 |    49.28 |      213 |           61 | clk   | N/A        |
| issue_fold_reg[0]_rep__17_n_0 |     0.002 |              246.40 |    49.28 |      179 |           46 | clk   | N/A        |
| issue_fold_reg[0]_rep__18_n_0 |     0.002 |              246.40 |    49.28 |      160 |           40 | clk   | N/A        |
| issue_fold_reg[0]_rep_n_0     |     0.002 |              246.40 |    49.28 |      141 |           71 | clk   | N/A        |
+-------------------------------+-----------+---------------------+----------+----------+--------------+-------+------------+


3.3.2 CLB Logic
---------------

+---------------------------------------+-----------+--------+-------------+------------+---------------------+----------+
| Name                                  | Power (W) | Type   | Clock (MHz) | Clock Name | Signal Rate (Mtr/s) | % High   |
+---------------------------------------+-----------+--------+-------------+------------+---------------------+----------+
| shared_lif/internal_value_reg[15]_i_2 |    <0.001 | CARRY8 |         N/A | Async      |              223.19 |    47.84 |
| adder_bank/internal_value_reg[15]_i_3 |    <0.001 | CARRY8 |         N/A | Async      |              206.45 |    49.88 |
| issue_fold[0]_rep__5_i_1              |    <0.001 | LUT    |         N/A | Async      |              247.02 |    50.58 |
| issue_fold[0]_rep__24_i_1             |    <0.001 | LUT    |         N/A | Async      |              247.02 |    50.58 |
| issue_fold[0]_rep__8_i_1              |    <0.001 | LUT    |         N/A | Async      |              247.02 |    50.58 |
| shared_lif/internal_value_reg[7]_i_2  |    <0.001 | CARRY8 |         N/A | Async      |              205.90 |    49.82 |
| output_weight_q[1463]_i_1             |    <0.001 | LUT    |         N/A | Async      |              215.58 |    49.28 |
| output_weight_q[2003]_i_1             |    <0.001 | LUT    |         N/A | Async      |              215.58 |    36.96 |
| output_weight_q[136]_i_1              |    <0.001 | LUT    |         N/A | Async      |              215.58 |    61.60 |
| output_weight_q[1953]_i_1             |    <0.001 | LUT    |         N/A | Async      |              215.58 |    49.28 |
+---------------------------------------+-----------+--------+-------------+------------+---------------------+----------+


3.3.3 Block RAM
---------------

+--------------------------+-----------+-----------+-------------+--------------+---------------+-------------------+--------------+---------------+--------------+------------------+--------------+---------------+-------------------+--------------+---------------+--------------+------------------+
| Name                     | Power (W) | Mode      | Signal Rate | Clock Name A | Clock A (MHz) | Enable Rate A (%) | Read Width A | Write Width A | Write Mode A | Write Rate A (%) | Clock Name B | Clock B (MHz) | Enable Rate B (%) | Read Width B | Write Width B | Write Mode B | Write Rate B (%) |
+--------------------------+-----------+-----------+-------------+--------------+---------------+-------------------+--------------+---------------+--------------+------------------+--------------+---------------+-------------------+--------------+---------------+--------------+------------------+
| row_banks[15].row1_reg_0 |     0.006 | RAMB36SDP |       62.47 | clk          |        250.00 |             49.26 |           72 |             0 | READ_FIRST   |             0.00 | clk          |        250.00 |             31.52 |            0 |            72 | READ_FIRST   |            40.88 |
| row_banks[15].row0_reg_0 |     0.006 | RAMB36SDP |       62.34 | clk          |        250.00 |             49.26 |           72 |             0 | READ_FIRST   |             0.00 | clk          |        250.00 |             31.52 |            0 |            72 | READ_FIRST   |            40.88 |
| row_banks[15].row1_reg_1 |     0.006 | RAMB36SDP |       56.90 | clk          |        250.00 |             49.26 |           72 |             0 | READ_FIRST   |             0.00 | clk          |        250.00 |             31.52 |            0 |            72 | READ_FIRST   |            40.88 |
| row_banks[15].row0_reg_1 |     0.006 | RAMB36SDP |       56.76 | clk          |        250.00 |             49.26 |           72 |             0 | READ_FIRST   |             0.00 | clk          |        250.00 |             31.52 |            0 |            72 | READ_FIRST   |            40.88 |
| row_banks[7].row1_reg_0  |     0.004 | RAMB36SDP |       62.44 | clk          |        250.00 |             49.26 |           72 |             0 | READ_FIRST   |             0.00 | clk          |        250.00 |              3.94 |            0 |            72 | READ_FIRST   |            31.52 |
| row_banks[6].row1_reg_0  |     0.004 | RAMB36SDP |       62.23 | clk          |        250.00 |             49.26 |           72 |             0 | READ_FIRST   |             0.00 | clk          |        250.00 |              3.94 |            0 |            72 | READ_FIRST   |            31.52 |
| row_banks[2].row1_reg_0  |     0.004 | RAMB36SDP |       62.18 | clk          |        250.00 |             49.26 |           72 |             0 | READ_FIRST   |             0.00 | clk          |        250.00 |              3.94 |            0 |            72 | READ_FIRST   |            31.52 |
| row_banks[1].row1_reg_0  |     0.004 | RAMB36SDP |       62.16 | clk          |        250.00 |             49.26 |           72 |             0 | READ_FIRST   |             0.00 | clk          |        250.00 |              3.94 |            0 |            72 | READ_FIRST   |            31.52 |
| row_banks[10].row1_reg_0 |     0.004 | RAMB36SDP |       62.05 | clk          |        250.00 |             49.26 |           72 |             0 | READ_FIRST   |             0.00 | clk          |        250.00 |              3.94 |            0 |            72 | READ_FIRST   |            31.52 |
| row_banks[0].row0_reg_0  |     0.004 | RAMB36SDP |       61.79 | clk          |        250.00 |             49.26 |           72 |             0 | READ_FIRST   |             0.00 | clk          |        250.00 |              3.96 |            0 |            72 | READ_FIRST   |            31.52 |
+--------------------------+-----------+-----------+-------------+--------------+---------------+-------------------+--------------+---------------+--------------+------------------+--------------+---------------+-------------------+--------------+---------------+--------------+------------------+


