--- Unmatched simulation nets ---
u_lif/NLW_membrane_next__0_carry_CO_UNCONNECTED[0]
u_lif/NLW_membrane_next__0_carry_CO_UNCONNECTED[1]
u_lif/NLW_membrane_next__0_carry_CO_UNCONNECTED[2]
u_lif/NLW_membrane_next__0_carry_CO_UNCONNECTED[3]
u_lif/NLW_membrane_next__0_carry_CO_UNCONNECTED[4]
u_lif/NLW_membrane_next__0_carry_CO_UNCONNECTED[5]
u_lif/NLW_membrane_next__0_carry_CO_UNCONNECTED[6]
u_lif/NLW_membrane_next__0_carry__0_CO_UNCONNECTED[0]
u_lif/NLW_membrane_next__0_carry__0_CO_UNCONNECTED[1]
u_lif/NLW_membrane_next__0_carry__0_CO_UNCONNECTED[2]
u_lif/NLW_membrane_next__0_carry__0_CO_UNCONNECTED[3]
u_lif/NLW_membrane_next__0_carry__0_CO_UNCONNECTED[4]
u_lif/NLW_membrane_next__0_carry__0_CO_UNCONNECTED[5]
u_lif/NLW_membrane_next__0_carry__0_CO_UNCONNECTED[6]
u_lif/NLW_membrane_next__0_carry__1_CO_UNCONNECTED[0]
u_lif/NLW_membrane_next__0_carry__1_CO_UNCONNECTED[1]
u_lif/NLW_membrane_next__0_carry__1_CO_UNCONNECTED[2]
u_lif/NLW_membrane_next__0_carry__1_CO_UNCONNECTED[3]
u_lif/NLW_membrane_next__0_carry__1_CO_UNCONNECTED[4]
u_lif/NLW_membrane_next__0_carry__1_CO_UNCONNECTED[5]
u_lif/NLW_membrane_next__0_carry__1_CO_UNCONNECTED[6]
u_lif/NLW_membrane_next__0_carry__2_CO_UNCONNECTED[0]
u_lif/NLW_membrane_next__0_carry__2_CO_UNCONNECTED[1]
u_lif/NLW_membrane_next__0_carry__2_CO_UNCONNECTED[2]
u_lif/NLW_membrane_next__0_carry__2_CO_UNCONNECTED[3]
u_lif/NLW_membrane_next__0_carry__2_CO_UNCONNECTED[4]
u_lif/NLW_membrane_next__0_carry__2_CO_UNCONNECTED[5]
u_lif/NLW_membrane_next__0_carry__2_CO_UNCONNECTED[6]
u_lif/NLW_membrane_next__0_carry__2_CO_UNCONNECTED[7]
u_lif/NLW_membrane_next__0_carry__2_DI_UNCONNECTED[6]
u_lif/NLW_membrane_next__0_carry__2_DI_UNCONNECTED[7]
u_lif/NLW_membrane_next__0_carry__2_O_UNCONNECTED[5]
u_lif/NLW_membrane_next__0_carry__2_O_UNCONNECTED[6]
u_lif/NLW_membrane_next__0_carry__2_O_UNCONNECTED[7]
u_lif/NLW_membrane_next__0_carry__2_S_UNCONNECTED[6]
u_lif/NLW_membrane_next__0_carry__2_S_UNCONNECTED[7]
u_lif/NLW_threshold_crossed0__15_carry_CO_UNCONNECTED[0]
u_lif/NLW_threshold_crossed0__15_carry_CO_UNCONNECTED[1]
u_lif/NLW_threshold_crossed0__15_carry_CO_UNCONNECTED[2]
u_lif/NLW_threshold_crossed0__15_carry_CO_UNCONNECTED[3]
u_lif/NLW_threshold_crossed0__15_carry_CO_UNCONNECTED[4]
u_lif/NLW_threshold_crossed0__15_carry_CO_UNCONNECTED[5]
u_lif/NLW_threshold_crossed0__15_carry_CO_UNCONNECTED[6]
u_lif/NLW_threshold_crossed0__15_carry_O_UNCONNECTED[0]
u_lif/NLW_threshold_crossed0__15_carry_O_UNCONNECTED[1]
u_lif/NLW_threshold_crossed0__15_carry_O_UNCONNECTED[2]
u_lif/NLW_threshold_crossed0__15_carry_O_UNCONNECTED[3]
u_lif/NLW_threshold_crossed0__15_carry_O_UNCONNECTED[4]
u_lif/NLW_threshold_crossed0__15_carry_O_UNCONNECTED[5]
u_lif/NLW_threshold_crossed0__15_carry_O_UNCONNECTED[6]
u_lif/NLW_threshold_crossed0__15_carry_O_UNCONNECTED[7]
u_lif/NLW_threshold_crossed0__15_carry__0_CO_UNCONNECTED[0]
u_lif/NLW_threshold_crossed0__15_carry__0_CO_UNCONNECTED[1]
u_lif/NLW_threshold_crossed0__15_carry__0_CO_UNCONNECTED[2]
u_lif/NLW_threshold_crossed0__15_carry__0_CO_UNCONNECTED[3]
u_lif/NLW_threshold_crossed0__15_carry__0_CO_UNCONNECTED[4]
u_lif/NLW_threshold_crossed0__15_carry__0_CO_UNCONNECTED[5]
u_lif/NLW_threshold_crossed0__15_carry__0_CO_UNCONNECTED[6]
u_lif/NLW_threshold_crossed0__15_carry__0_CO_UNCONNECTED[7]
u_lif/NLW_threshold_crossed0__15_carry__0_DI_UNCONNECTED[6]
u_lif/NLW_threshold_crossed0__15_carry__0_DI_UNCONNECTED[7]
u_lif/NLW_threshold_crossed0__15_carry__0_O_UNCONNECTED[0]
u_lif/NLW_threshold_crossed0__15_carry__0_O_UNCONNECTED[1]
u_lif/NLW_threshold_crossed0__15_carry__0_O_UNCONNECTED[2]
u_lif/NLW_threshold_crossed0__15_carry__0_O_UNCONNECTED[3]
u_lif/NLW_threshold_crossed0__15_carry__0_O_UNCONNECTED[4]
u_lif/NLW_threshold_crossed0__15_carry__0_O_UNCONNECTED[5]
u_lif/NLW_threshold_crossed0__15_carry__0_O_UNCONNECTED[6]
u_lif/NLW_threshold_crossed0__15_carry__0_O_UNCONNECTED[7]
u_lif/NLW_threshold_crossed0__15_carry__0_S_UNCONNECTED[6]
u_lif/NLW_threshold_crossed0__15_carry__0_S_UNCONNECTED[7]
u_lif/NLW_threshold_crossed0_carry_CO_UNCONNECTED[0]
u_lif/NLW_threshold_crossed0_carry_CO_UNCONNECTED[1]
u_lif/NLW_threshold_crossed0_carry_CO_UNCONNECTED[2]
u_lif/NLW_threshold_crossed0_carry_CO_UNCONNECTED[3]
u_lif/NLW_threshold_crossed0_carry_CO_UNCONNECTED[4]
u_lif/NLW_threshold_crossed0_carry_CO_UNCONNECTED[5]
u_lif/NLW_threshold_crossed0_carry_CO_UNCONNECTED[6]
u_lif/NLW_threshold_crossed0_carry_O_UNCONNECTED[0]
u_lif/NLW_threshold_crossed0_carry_O_UNCONNECTED[1]
u_lif/NLW_threshold_crossed0_carry_O_UNCONNECTED[2]
u_lif/NLW_threshold_crossed0_carry_O_UNCONNECTED[3]
u_lif/NLW_threshold_crossed0_carry_O_UNCONNECTED[4]
u_lif/NLW_threshold_crossed0_carry_O_UNCONNECTED[5]
u_lif/NLW_threshold_crossed0_carry_O_UNCONNECTED[6]
u_lif/NLW_threshold_crossed0_carry_O_UNCONNECTED[7]
u_lif/NLW_threshold_crossed0_carry__0_CO_UNCONNECTED[0]
u_lif/NLW_threshold_crossed0_carry__0_CO_UNCONNECTED[1]
u_lif/NLW_threshold_crossed0_carry__0_CO_UNCONNECTED[2]
u_lif/NLW_threshold_crossed0_carry__0_CO_UNCONNECTED[3]
u_lif/NLW_threshold_crossed0_carry__0_CO_UNCONNECTED[4]
u_lif/NLW_threshold_crossed0_carry__0_CO_UNCONNECTED[5]
u_lif/NLW_threshold_crossed0_carry__0_CO_UNCONNECTED[6]
u_lif/NLW_threshold_crossed0_carry__0_O_UNCONNECTED[0]
u_lif/NLW_threshold_crossed0_carry__0_O_UNCONNECTED[1]
u_lif/NLW_threshold_crossed0_carry__0_O_UNCONNECTED[2]
u_lif/NLW_threshold_crossed0_carry__0_O_UNCONNECTED[3]
u_lif/NLW_threshold_crossed0_carry__0_O_UNCONNECTED[4]
u_lif/NLW_threshold_crossed0_carry__0_O_UNCONNECTED[5]
u_lif/NLW_threshold_crossed0_carry__0_O_UNCONNECTED[6]
u_lif/NLW_threshold_crossed0_carry__0_O_UNCONNECTED[7]
--- Unmatched design nets ---
input_current_IBUF[23]_inst/OUT
input_current_IBUF[2]_inst/OUT
input_current_IBUF[1]_inst/OUT
input_current_IBUF[9]_inst/OUT
input_current_IBUF[7]_inst/OUT
input_current_IBUF[6]_inst/OUT
input_current_IBUF[25]_inst/OUT
input_current_IBUF[16]_inst/OUT
new_image_IBUF_inst/OUT
enable_IBUF_inst/OUT
input_current_IBUF[18]_inst/OUT
input_current_IBUF[12]_inst/OUT
input_current_IBUF[22]_inst/OUT
input_current_IBUF[0]_inst/OUT
input_current_IBUF[15]_inst/OUT
input_current_IBUF[10]_inst/OUT
input_current_IBUF[26]_inst/OUT
rst_IBUF_inst/OUT
input_current_IBUF[11]_inst/OUT
input_current_IBUF[5]_inst/OUT
input_current_IBUF[4]_inst/OUT
input_current_IBUF[3]_inst/OUT
input_current_IBUF[24]_inst/OUT
input_current_IBUF[27]_inst/OUT
input_current_IBUF[17]_inst/OUT
input_current_IBUF[13]_inst/OUT
input_current_IBUF[21]_inst/OUT
input_current_IBUF[8]_inst/OUT
input_current_IBUF[20]_inst/OUT
input_current_IBUF[19]_inst/OUT
input_current_IBUF[14]_inst/OUT
