Copyright 1986-2022 Xilinx, Inc. All Rights Reserved.
------------------------------------------------------------------------------------------------------------------------------------------------------------------
| Tool Version : Vivado v.2022.1 (lin64) Build 3526262 Mon Apr 18 15:47:01 MDT 2022
| Date         : Mon Aug 10 12:54:00 2026
| Host         : ecetesla0 running 64-bit Ubuntu 24.04.4 LTS
| Command      : report_drc -file /home/aakumaar/team-22-au25p-folded-bram/fpga-synth/au25p/folded_bram/run/reports/lanes16_rb2_175mhz_signoff/post_route_drc.rpt
| Design       : folded_bram_predictor
| Device       : xcau25p-ffvb676-2-e
| Speed File   : -2
| Design State : Partially Routed
------------------------------------------------------------------------------------------------------------------------------------------------------------------

Report DRC

Table of Contents
-----------------
1. REPORT SUMMARY
2. REPORT DETAILS

1. REPORT SUMMARY
-----------------
            Netlist: folded_bram_predictor
          Floorplan: design_1
      Design limits: <entire design considered>
           Ruledeck: default
             Max violations: <unlimited>
             Violations found: 0
+------+----------+-------------+------------+
| Rule | Severity | Description | Violations |
+------+----------+-------------+------------+
+------+----------+-------------+------------+

2. REPORT DETAILS
-----------------

