Copyright 1986-2022 Xilinx, Inc. All Rights Reserved.
----------------------------------------------------------------------------------------------------------------------------------------------------------------------------------
| Tool Version : Vivado v.2022.1 (lin64) Build 3526262 Mon Apr 18 15:47:01 MDT 2022
| Date         : Mon Aug 10 12:53:57 2026
| Host         : ecetesla0 running 64-bit Ubuntu 24.04.4 LTS
| Command      : report_utilization -file /home/aakumaar/team-22-au25p-folded-bram/fpga-synth/au25p/folded_bram/run/reports/lanes16_rb2_175mhz_signoff/post_route_utilization.rpt
| Design       : folded_bram_predictor
| Device       : xcau25p-ffvb676-2-e
| Speed File   : -2
| Design State : Routed
----------------------------------------------------------------------------------------------------------------------------------------------------------------------------------

Utilization Design Information

Table of Contents
-----------------
1. CLB Logic
1.1 Summary of Registers by Type
2. CLB Logic Distribution
3. BLOCKRAM
4. ARITHMETIC
5. I/O
6. CLOCK
7. ADVANCED
8. CONFIGURATION
9. Primitives
10. Black Boxes
11. Instantiated Netlists

1. CLB Logic
------------

+-------------------------+------+-------+------------+-----------+-------+
|        Site Type        | Used | Fixed | Prohibited | Available | Util% |
+-------------------------+------+-------+------------+-----------+-------+
| CLB LUTs                | 2285 |     0 |          0 |    141000 |  1.62 |
|   LUT as Logic          | 2285 |     0 |          0 |    141000 |  1.62 |
|   LUT as Memory         |    0 |     0 |          0 |     99840 |  0.00 |
| CLB Registers           | 2530 |     0 |          0 |    282000 |  0.90 |
|   Register as Flip Flop | 2530 |     0 |          0 |    282000 |  0.90 |
|   Register as Latch     |    0 |     0 |          0 |    282000 |  0.00 |
| CARRY8                  |   85 |     0 |          0 |     27120 |  0.31 |
| F7 Muxes                |  165 |     0 |          0 |    108480 |  0.15 |
| F8 Muxes                |   60 |     0 |          0 |     54240 |  0.11 |
| F9 Muxes                |    0 |     0 |          0 |     27120 |  0.00 |
+-------------------------+------+-------+------------+-----------+-------+


1.1 Summary of Registers by Type
--------------------------------

+-------+--------------+-------------+--------------+
| Total | Clock Enable | Synchronous | Asynchronous |
+-------+--------------+-------------+--------------+
| 0     |            _ |           - |            - |
| 0     |            _ |           - |          Set |
| 0     |            _ |           - |        Reset |
| 0     |            _ |         Set |            - |
| 0     |            _ |       Reset |            - |
| 0     |          Yes |           - |            - |
| 0     |          Yes |           - |          Set |
| 0     |          Yes |           - |        Reset |
| 0     |          Yes |         Set |            - |
| 2530  |          Yes |       Reset |            - |
+-------+--------------+-------------+--------------+


2. CLB Logic Distribution
-------------------------

+--------------------------------------------+------+-------+------------+-----------+-------+
|                  Site Type                 | Used | Fixed | Prohibited | Available | Util% |
+--------------------------------------------+------+-------+------------+-----------+-------+
| CLB                                        |  580 |     0 |          0 |     27120 |  2.14 |
|   CLBL                                     |  382 |     0 |            |           |       |
|   CLBM                                     |  198 |     0 |            |           |       |
| LUT as Logic                               | 2285 |     0 |          0 |    141000 |  1.62 |
|   using O5 output only                     |    9 |       |            |           |       |
|   using O6 output only                     | 1934 |       |            |           |       |
|   using O5 and O6                          |  342 |       |            |           |       |
| LUT as Memory                              |    0 |     0 |          0 |     99840 |  0.00 |
|   LUT as Distributed RAM                   |    0 |     0 |            |           |       |
|   LUT as Shift Register                    |    0 |     0 |            |           |       |
| CLB Registers                              | 2530 |     0 |          0 |    282000 |  0.90 |
|   Register driven from within the CLB      |  434 |       |            |           |       |
|   Register driven from outside the CLB     | 2096 |       |            |           |       |
|     LUT in front of the register is unused | 1001 |       |            |           |       |
|     LUT in front of the register is used   | 1095 |       |            |           |       |
| Unique Control Sets                        |   78 |       |          0 |     54240 |  0.14 |
+--------------------------------------------+------+-------+------------+-----------+-------+
* * Note: Available Control Sets calculated as Slices * 2, Review the Control Sets Report for more information regarding control sets.


3. BLOCKRAM
-----------

+-------------------+------+-------+------------+-----------+-------+
|     Site Type     | Used | Fixed | Prohibited | Available | Util% |
+-------------------+------+-------+------------+-----------+-------+
| Block RAM Tile    | 13.5 |     0 |          0 |       300 |  4.50 |
|   RAMB36/FIFO*    |   12 |     0 |          0 |       300 |  4.00 |
|     RAMB36E2 only |   12 |       |            |           |       |
|   RAMB18          |    3 |     0 |          0 |       600 |  0.50 |
|     RAMB18E2 only |    3 |       |            |           |       |
+-------------------+------+-------+------------+-----------+-------+
* Note: Each Block RAM Tile only has one FIFO logic available and therefore can accommodate only one FIFO36E2 or one FIFO18E2. However, if a FIFO18E2 occupies a Block RAM Tile, that tile can still accommodate a RAMB18E2


4. ARITHMETIC
-------------

+-----------+------+-------+------------+-----------+-------+
| Site Type | Used | Fixed | Prohibited | Available | Util% |
+-----------+------+-------+------------+-----------+-------+
| DSPs      |    0 |     0 |          0 |      1200 |  0.00 |
+-----------+------+-------+------------+-----------+-------+


5. I/O
------

+------------------+------+-------+------------+-----------+-------+
|     Site Type    | Used | Fixed | Prohibited | Available | Util% |
+------------------+------+-------+------------+-----------+-------+
| Bonded IOB       |    0 |     0 |          0 |       280 |  0.00 |
| HPIOB_M          |    0 |     0 |          0 |        96 |  0.00 |
| HPIOB_S          |    0 |     0 |          0 |        96 |  0.00 |
| HDIOB_M          |    0 |     0 |          0 |        36 |  0.00 |
| HDIOB_S          |    0 |     0 |          0 |        36 |  0.00 |
| HPIOB_SNGL       |    0 |     0 |          0 |        16 |  0.00 |
| HPIOBDIFFINBUF   |    0 |     0 |          0 |        96 |  0.00 |
| HPIOBDIFFOUTBUF  |    0 |     0 |          0 |        96 |  0.00 |
| HDIOBDIFFINBUF   |    0 |     0 |          0 |        48 |  0.00 |
| BITSLICE_CONTROL |    0 |     0 |          0 |        32 |  0.00 |
| BITSLICE_RX_TX   |    0 |     0 |          0 |      1248 |  0.00 |
| BITSLICE_TX      |    0 |     0 |          0 |        32 |  0.00 |
| RIU_OR           |    0 |     0 |          0 |        16 |  0.00 |
+------------------+------+-------+------------+-----------+-------+


6. CLOCK
--------

+----------------------+------+-------+------------+-----------+-------+
|       Site Type      | Used | Fixed | Prohibited | Available | Util% |
+----------------------+------+-------+------------+-----------+-------+
| GLOBAL CLOCK BUFFERs |    0 |     0 |          0 |       256 |  0.00 |
|   BUFGCE             |    0 |     0 |          0 |       112 |  0.00 |
|   BUFGCE_DIV         |    0 |     0 |          0 |        16 |  0.00 |
|   BUFG_GT            |    0 |     0 |          0 |        96 |  0.00 |
|   BUFGCTRL*          |    0 |     0 |          0 |        32 |  0.00 |
| PLL                  |    0 |     0 |          0 |         8 |  0.00 |
| MMCM                 |    0 |     0 |          0 |         4 |  0.00 |
+----------------------+------+-------+------------+-----------+-------+
* Note: Each used BUFGCTRL counts as two GLOBAL CLOCK BUFFERs. This table does not include global clocking resources, only buffer cell usage. See the Clock Utilization Report (report_clock_utilization) for detailed accounting of global clocking resource availability.


7. ADVANCED
-----------

+-----------------+------+-------+------------+-----------+-------+
|    Site Type    | Used | Fixed | Prohibited | Available | Util% |
+-----------------+------+-------+------------+-----------+-------+
| GTYE4_CHANNEL   |    0 |     0 |          0 |        12 |  0.00 |
| GTYE4_COMMON    |    0 |     0 |          0 |         3 |  0.00 |
| OBUFDS_GTE4     |    0 |     0 |          0 |         6 |  0.00 |
| OBUFDS_GTE4_ADV |    0 |     0 |          0 |         6 |  0.00 |
| PCIE40E4        |    0 |     0 |          0 |         1 |  0.00 |
| SYSMONE4        |    0 |     0 |          0 |         1 |  0.00 |
+-----------------+------+-------+------------+-----------+-------+


8. CONFIGURATION
----------------

+-------------+------+-------+------------+-----------+-------+
|  Site Type  | Used | Fixed | Prohibited | Available | Util% |
+-------------+------+-------+------------+-----------+-------+
| BSCANE2     |    0 |     0 |          0 |         4 |  0.00 |
| DNA_PORTE2  |    0 |     0 |          0 |         1 |  0.00 |
| EFUSE_USR   |    0 |     0 |          0 |         1 |  0.00 |
| FRAME_ECCE4 |    0 |     0 |          0 |         1 |  0.00 |
| ICAPE3      |    0 |     0 |          0 |         2 |  0.00 |
| MASTER_JTAG |    0 |     0 |          0 |         1 |  0.00 |
| STARTUPE3   |    0 |     0 |          0 |         1 |  0.00 |
+-------------+------+-------+------------+-----------+-------+


9. Primitives
-------------

+----------+------+---------------------+
| Ref Name | Used | Functional Category |
+----------+------+---------------------+
| FDRE     | 2530 |            Register |
| LUT6     | 1107 |                 CLB |
| LUT2     |  461 |                 CLB |
| LUT4     |  460 |                 CLB |
| LUT5     |  444 |                 CLB |
| MUXF7    |  165 |                 CLB |
| LUT3     |  153 |                 CLB |
| CARRY8   |   85 |                 CLB |
| MUXF8    |   60 |                 CLB |
| RAMB36E2 |   12 |            BLOCKRAM |
| RAMB18E2 |    3 |            BLOCKRAM |
| LUT1     |    2 |                 CLB |
+----------+------+---------------------+


10. Black Boxes
---------------

+----------+------+
| Ref Name | Used |
+----------+------+


11. Instantiated Netlists
-------------------------

+----------+------+
| Ref Name | Used |
+----------+------+


